{
  "filters_used": [
    {
      "path": "detect_secrets.filters.allowlist.is_line_allowlisted"
    },
    {
      "filename": "C:\\Users\\Ratanshila\\Documents\\leadgen-wt-cursor-dsh-20260814\\.secrets.baseline",
      "path": "detect_secrets.filters.common.is_baseline_file"
    },
    {
      "min_level": 2,
      "path": "detect_secrets.filters.common.is_ignored_due_to_verification_policies"
    },
    {
      "path": "detect_secrets.filters.heuristic.is_indirect_reference"
    },
    {
      "path": "detect_secrets.filters.heuristic.is_likely_id_string"
    },
    {
      "path": "detect_secrets.filters.heuristic.is_lock_file"
    },
    {
      "path": "detect_secrets.filters.heuristic.is_not_alphanumeric_string"
    },
    {
      "path": "detect_secrets.filters.heuristic.is_potential_uuid"
    },
    {
      "path": "detect_secrets.filters.heuristic.is_prefixed_with_dollar_sign"
    },
    {
      "path": "detect_secrets.filters.heuristic.is_sequential_string"
    },
    {
      "path": "detect_secrets.filters.heuristic.is_swagger_file"
    },
    {
      "path": "detect_secrets.filters.heuristic.is_templated_secret"
    }
  ],
  "generated_at": "2026-08-14T14:16:36Z",
  "plugins_used": [
    {
      "name": "ArtifactoryDetector"
    },
    {
      "name": "AWSKeyDetector"
    },
    {
      "name": "AzureStorageKeyDetector"
    },
    {
      "limit": 4.5,
      "name": "Base64HighEntropyString"
    },
    {
      "name": "BasicAuthDetector"
    },
    {
      "name": "CloudantDetector"
    },
    {
      "name": "DiscordBotTokenDetector"
    },
    {
      "name": "GitHubTokenDetector"
    },
    {
      "limit": 3.0,
      "name": "HexHighEntropyString"
    },
    {
      "name": "IbmCloudIamDetector"
    },
    {
      "name": "IbmCosHmacDetector"
    },
    {
      "name": "JwtTokenDetector"
    },
    {
      "keyword_exclude": "",
      "name": "KeywordDetector"
    },
    {
      "name": "MailchimpDetector"
    },
    {
      "name": "NpmDetector"
    },
    {
      "name": "PrivateKeyDetector"
    },
    {
      "name": "SendGridDetector"
    },
    {
      "name": "SlackDetector"
    },
    {
      "name": "SoftlayerDetector"
    },
    {
      "name": "SquareOAuthDetector"
    },
    {
      "name": "StripeDetector"
    },
    {
      "name": "TwilioKeyDetector"
    }
  ],
  "results": {
    ".claude\\skills\\supabase-postgres-best-practices\\references\\security-privileges.md": [
      {
        "filename": ".claude\\skills\\supabase-postgres-best-practices\\references\\security-privileges.md",
        "hashed_secret": "b60d121b438a380c343d5ec3c2037564b82ffef3",
        "is_verified": false,
        "line_number": 42,
        "type": "Secret Keyword"
      }
    ],
    ".github\\workflows\\migrations.yml": [
      {
        "filename": ".github\\workflows\\migrations.yml",
        "hashed_secret": "afc848c316af1a89d49826c5ae9d00ed769415f3",
        "is_verified": false,
        "line_number": 44,
        "type": "Secret Keyword"
      },
      {
        "filename": ".github\\workflows\\migrations.yml",
        "hashed_secret": "afc848c316af1a89d49826c5ae9d00ed769415f3",
        "is_verified": false,
        "line_number": 53,
        "type": "Basic Auth Credentials"
      }
    ],
    "alembic.ini": [
      {
        "filename": "alembic.ini",
        "hashed_secret": "9d4e1e23bd5b727046a9e3b4b7db57bd8d6ee684",
        "is_verified": false,
        "line_number": 8,
        "type": "Basic Auth Credentials"
      }
    ],
    "app\\api\\customer_webhooks.py": [
      {
        "filename": "app\\api\\customer_webhooks.py",
        "hashed_secret": "99d2ba6c7f8edced05dac790cde58c9a330c13f3",
        "is_verified": false,
        "line_number": 66,
        "type": "Secret Keyword"
      }
    ],
    "app\\integrations\\webhooks_emitter.py": [
      {
        "filename": "app\\integrations\\webhooks_emitter.py",
        "hashed_secret": "5c5a15a8b0b3e154d77746945e563ba40100681b",
        "is_verified": false,
        "line_number": 52,
        "type": "Secret Keyword"
      }
    ],
    "app\\marketing\\referral_kit.py": [
      {
        "filename": "app\\marketing\\referral_kit.py",
        "hashed_secret": "f8c6f1ff98c5ee78c27d34a3ca68f35ad79847af",
        "is_verified": false,
        "line_number": 82,
        "type": "Base64 High Entropy String"
      }
    ],
    "app\\platform\\customer_totp.py": [
      {
        "filename": "app\\platform\\customer_totp.py",
        "hashed_secret": "95ba1eb154162bc474e0e3868a319617d014e841",
        "is_verified": false,
        "line_number": 132,
        "type": "Base64 High Entropy String"
      }
    ],
    "app\\platform\\customer_webhooks.py": [
      {
        "filename": "app\\platform\\customer_webhooks.py",
        "hashed_secret": "0e61cfdd28a6a03b24a5daef1f657711d01baec6",
        "is_verified": false,
        "line_number": 262,
        "type": "Secret Keyword"
      }
    ],
    "app\\platform\\dr_health.py": [
      {
        "filename": "app\\platform\\dr_health.py",
        "hashed_secret": "9d4e1e23bd5b727046a9e3b4b7db57bd8d6ee684",
        "is_verified": false,
        "line_number": 12,
        "type": "Basic Auth Credentials"
      }
    ],
    "app\\platform\\setup_status.py": [
      {
        "filename": "app\\platform\\setup_status.py",
        "hashed_secret": "f2826311903ed6d0ae5a982c96b0ee9bb86a1925",
        "is_verified": false,
        "line_number": 56,
        "type": "Secret Keyword"
      },
      {
        "filename": "app\\platform\\setup_status.py",
        "hashed_secret": "5d9d0e3a68aab255ade697801aa0d554acdc7f54",
        "is_verified": false,
        "line_number": 57,
        "type": "Secret Keyword"
      },
      {
        "filename": "app\\platform\\setup_status.py",
        "hashed_secret": "5ec6e69672c163159a80040ba7148a7f51eccac2",
        "is_verified": false,
        "line_number": 58,
        "type": "Secret Keyword"
      },
      {
        "filename": "app\\platform\\setup_status.py",
        "hashed_secret": "2f1e8755407e0dc8973d6a3ccce054779361793b",
        "is_verified": false,
        "line_number": 59,
        "type": "Secret Keyword"
      }
    ],
    "app\\platform\\short_links.py": [
      {
        "filename": "app\\platform\\short_links.py",
        "hashed_secret": "d4bc56e905381e82e7ca303738170a06fe0f439b",
        "is_verified": false,
        "line_number": 34,
        "type": "Base64 High Entropy String"
      }
    ],
    "app\\platform\\workforce_runtime\\dispatch.py": [
      {
        "filename": "app\\platform\\workforce_runtime\\dispatch.py",
        "hashed_secret": "142652d50c3641caaaf5308c61abcd09ef6c98c0",
        "is_verified": false,
        "line_number": 238,
        "type": "Hex High Entropy String"
      }
    ],
    "app\\utils\\logger.py": [
      {
        "filename": "app\\utils\\logger.py",
        "hashed_secret": "9d4e1e23bd5b727046a9e3b4b7db57bd8d6ee684",
        "is_verified": false,
        "line_number": 185,
        "type": "Basic Auth Credentials"
      }
    ],
    "data\\marketing_clients.jsonl": [
      {
        "filename": "data\\marketing_clients.jsonl",
        "hashed_secret": "2b7b3e3f292f239859b0fbd582d4b706b3ce81e5",
        "is_verified": false,
        "line_number": 2,
        "type": "Hex High Entropy String"
      },
      {
        "filename": "data\\marketing_clients.jsonl",
        "hashed_secret": "a82ace0714154bcbf4e44264725068b766d18e20",
        "is_verified": false,
        "line_number": 3,
        "type": "Hex High Entropy String"
      },
      {
        "filename": "data\\marketing_clients.jsonl",
        "hashed_secret": "1b55326adc140ed4c6674aba9614dd303cead967",
        "is_verified": false,
        "line_number": 5,
        "type": "Hex High Entropy String"
      },
      {
        "filename": "data\\marketing_clients.jsonl",
        "hashed_secret": "02d5d1b76beb16a2664d809949597d9456e297c7",
        "is_verified": false,
        "line_number": 6,
        "type": "Hex High Entropy String"
      }
    ],
    "data\\skills_extra\\agency-engineering-technical-writer.md": [
      {
        "filename": "data\\skills_extra\\agency-engineering-technical-writer.md",
        "hashed_secret": "c77eabfdd143ca50bd12495976a12ba2b256e5cc",
        "is_verified": false,
        "line_number": 308,
        "type": "Secret Keyword"
      }
    ],
    "deploy/dsh/Dockerfile": [
      {
        "filename": "deploy/dsh/Dockerfile",
        "hashed_secret": "98b5666f3ab280a426891de22835e6dd05382c53",
        "is_verified": false,
        "line_number": 86,
        "type": "Hex High Entropy String"
      }
    ],
    "deploy/dsh/upstream.lock.json": [
      {
        "filename": "deploy/dsh/upstream.lock.json",
        "hashed_secret": "98b5666f3ab280a426891de22835e6dd05382c53",
        "is_verified": false,
        "line_number": 3,
        "type": "Hex High Entropy String"
      },
      {
        "filename": "deploy/dsh/upstream.lock.json",
        "hashed_secret": "b8ed94b9e7be2b9656e9830fddd8dab3c2aea025",
        "is_verified": false,
        "line_number": 4,
        "type": "Hex High Entropy String"
      },
      {
        "filename": "deploy/dsh/upstream.lock.json",
        "hashed_secret": "38c877b3bc6bad6ddb2f0e3370ca3f491acb75bd",
        "is_verified": false,
        "line_number": 5,
        "type": "Hex High Entropy String"
      }
    ],
    "deploy\\dsh\\Dockerfile": [
      {
        "filename": "deploy\\dsh\\Dockerfile",
        "hashed_secret": "98b5666f3ab280a426891de22835e6dd05382c53",
        "is_verified": false,
        "line_number": 86,
        "type": "Hex High Entropy String"
      }
    ],
    "deploy\\dsh\\cordis.yml": [
      {
        "filename": "deploy\\dsh\\cordis.yml",
        "hashed_secret": "40603f8b9c5f9d597be8c504eea6c0ebf56eb830",
        "is_verified": false,
        "line_number": 55,
        "type": "Secret Keyword"
      }
    ],
    "deploy\\dsh\\upstream.lock.json": [
      {
        "filename": "deploy\\dsh\\upstream.lock.json",
        "hashed_secret": "98b5666f3ab280a426891de22835e6dd05382c53",
        "is_verified": false,
        "line_number": 3,
        "type": "Hex High Entropy String"
      },
      {
        "filename": "deploy\\dsh\\upstream.lock.json",
        "hashed_secret": "b8ed94b9e7be2b9656e9830fddd8dab3c2aea025",
        "is_verified": false,
        "line_number": 4,
        "type": "Hex High Entropy String"
      },
      {
        "filename": "deploy\\dsh\\upstream.lock.json",
        "hashed_secret": "38c877b3bc6bad6ddb2f0e3370ca3f491acb75bd",
        "is_verified": false,
        "line_number": 5,
        "type": "Hex High Entropy String"
      }
    ],
    "deploy\\litellm\\config.yaml": [
      {
        "filename": "deploy\\litellm\\config.yaml",
        "hashed_secret": "09046f167b940966a2470e8ebc41058d4f1ba343",
        "is_verified": false,
        "line_number": 16,
        "type": "Secret Keyword"
      },
      {
        "filename": "deploy\\litellm\\config.yaml",
        "hashed_secret": "3d80bd01f8848478265190f8650bc10acab03338",
        "is_verified": false,
        "line_number": 20,
        "type": "Secret Keyword"
      },
      {
        "filename": "deploy\\litellm\\config.yaml",
        "hashed_secret": "02a6758222c5b7d42b78c632e49943585c2badd7",
        "is_verified": false,
        "line_number": 24,
        "type": "Secret Keyword"
      },
      {
        "filename": "deploy\\litellm\\config.yaml",
        "hashed_secret": "22ac8907349cb894439bc337446bc319391f960b",
        "is_verified": false,
        "line_number": 28,
        "type": "Secret Keyword"
      }
    ],
    "deploy\\offsite\\rclone.conf.example": [
      {
        "filename": "deploy\\offsite\\rclone.conf.example",
        "hashed_secret": "38dba4a5459f27e1f1b11b8455a7b10e22bb394c",
        "is_verified": false,
        "line_number": 44,
        "type": "Secret Keyword"
      }
    ],
    "docs/evidence/DSH_LINUX_CI_EVIDENCE_20260814.json": [
      {
        "filename": "docs/evidence/DSH_LINUX_CI_EVIDENCE_20260814.json",
        "hashed_secret": "f682ab620e6eca457507607ea3720b1b635bdae7",
        "is_verified": false,
        "line_number": 3,
        "type": "Hex High Entropy String"
      },
      {
        "filename": "docs/evidence/DSH_LINUX_CI_EVIDENCE_20260814.json",
        "hashed_secret": "6fcab03ceb73df8332faea5252cb77ef2f7c1ba1",
        "is_verified": false,
        "line_number": 5,
        "type": "Hex High Entropy String"
      },
      {
        "filename": "docs/evidence/DSH_LINUX_CI_EVIDENCE_20260814.json",
        "hashed_secret": "27c7f2394f42a33d07235b029ebd92fd44f1ee3d",
        "is_verified": false,
        "line_number": 6,
        "type": "Hex High Entropy String"
      },
      {
        "filename": "docs/evidence/DSH_LINUX_CI_EVIDENCE_20260814.json",
        "hashed_secret": "713c3c204ccfe89dcdbd42670890f3025e059467",
        "is_verified": false,
        "line_number": 18,
        "type": "Hex High Entropy String"
      }
    ],
    "docs/evidence/DSH_SUPPLY_CHAIN_STATIC_20260814.json": [
      {
        "filename": "docs/evidence/DSH_SUPPLY_CHAIN_STATIC_20260814.json",
        "hashed_secret": "84f475a6ff61c19eeafcd09f76f7fbfcec95a52b",
        "is_secret": false,
        "is_verified": false,
        "line_number": 33,
        "type": "Hex High Entropy String"
      },
      {
        "filename": "docs/evidence/DSH_SUPPLY_CHAIN_STATIC_20260814.json",
        "hashed_secret": "8082c74d1adda3755f859a744a1aeeb4a99b6113",
        "is_verified": false,
        "line_number": 34,
        "type": "Hex High Entropy String"
      },
      {
        "filename": "docs/evidence/DSH_SUPPLY_CHAIN_STATIC_20260814.json",
        "hashed_secret": "9471145e743ff14a98d533942a88c12358975fc1",
        "is_verified": false,
        "line_number": 35,
        "type": "Hex High Entropy String"
      },
      {
        "filename": "docs/evidence/DSH_SUPPLY_CHAIN_STATIC_20260814.json",
        "hashed_secret": "7c3b385d0c8e1562baf0ec4257a29af359229651",
        "is_verified": false,
        "line_number": 36,
        "type": "Hex High Entropy String"
      },
      {
        "filename": "docs/evidence/DSH_SUPPLY_CHAIN_STATIC_20260814.json",
        "hashed_secret": "8ba135cfeef2d89ae94ea8395fa81f1f493865b7",
        "is_verified": false,
        "line_number": 37,
        "type": "Hex High Entropy String"
      },
      {
        "filename": "docs/evidence/DSH_SUPPLY_CHAIN_STATIC_20260814.json",
        "hashed_secret": "0c02f9270e650754e87dd99a536ac8ec9575bfaf",
        "is_verified": false,
        "line_number": 38,
        "type": "Hex High Entropy String"
      },
      {
        "filename": "docs/evidence/DSH_SUPPLY_CHAIN_STATIC_20260814.json",
        "hashed_secret": "72eb9c1f15d34b354f1cf38013c12cc2886ccf58",
        "is_verified": false,
        "line_number": 39,
        "type": "Hex High Entropy String"
      },
      {
        "filename": "docs/evidence/DSH_SUPPLY_CHAIN_STATIC_20260814.json",
        "hashed_secret": "6443b8409ae303794d0565a418db1ba7c41e7295",
        "is_verified": false,
        "line_number": 40,
        "type": "Hex High Entropy String"
      },
      {
        "filename": "docs/evidence/DSH_SUPPLY_CHAIN_STATIC_20260814.json",
        "hashed_secret": "ba23058da6e79adb8311803dc445c8207b819b00",
        "is_verified": false,
        "line_number": 41,
        "type": "Hex High Entropy String"
      },
      {
        "filename": "docs/evidence/DSH_SUPPLY_CHAIN_STATIC_20260814.json",
        "hashed_secret": "eb91c406826f7d34126e44884775ba7fbd040d3e",
        "is_verified": false,
        "line_number": 42,
        "type": "Hex High Entropy String"
      },
      {
        "filename": "docs/evidence/DSH_SUPPLY_CHAIN_STATIC_20260814.json",
        "hashed_secret": "329170899dbe57472c604f1a4c8941478375ff51",
        "is_verified": false,
        "line_number": 43,
        "type": "Hex High Entropy String"
      },
      {
        "filename": "docs/evidence/DSH_SUPPLY_CHAIN_STATIC_20260814.json",
        "hashed_secret": "6272c098b937202e39464ecd59e553902c6ddf7f",
        "is_verified": false,
        "line_number": 44,
        "type": "Hex High Entropy String"
      },
      {
        "filename": "docs/evidence/DSH_SUPPLY_CHAIN_STATIC_20260814.json",
        "hashed_secret": "06d3d6529e6e4a0b30d998d9cd3b2cb0fa1eea0e",
        "is_secret": false,
        "is_verified": false,
        "line_number": 45,
        "type": "Hex High Entropy String"
      },
      {
        "filename": "docs/evidence/DSH_SUPPLY_CHAIN_STATIC_20260814.json",
        "hashed_secret": "9ce0373c16a9529f2ac59f97e25257c772d96456",
        "is_verified": false,
        "line_number": 46,
        "type": "Hex High Entropy String"
      },
      {
        "filename": "docs/evidence/DSH_SUPPLY_CHAIN_STATIC_20260814.json",
        "hashed_secret": "584a90986cd51549de20af72a7d854cb85b161d6",
        "is_verified": false,
        "line_number": 47,
        "type": "Hex High Entropy String"
      },
      {
        "filename": "docs/evidence/DSH_SUPPLY_CHAIN_STATIC_20260814.json",
        "hashed_secret": "65ff1692152619701bed9d8ecbf85924db1e1b97",
        "is_verified": false,
        "line_number": 48,
        "type": "Hex High Entropy String"
      },
      {
        "filename": "docs/evidence/DSH_SUPPLY_CHAIN_STATIC_20260814.json",
        "hashed_secret": "98b5666f3ab280a426891de22835e6dd05382c53",
        "is_verified": false,
        "line_number": 62,
        "type": "Hex High Entropy String"
      },
      {
        "filename": "docs/evidence/DSH_SUPPLY_CHAIN_STATIC_20260814.json",
        "hashed_secret": "38c877b3bc6bad6ddb2f0e3370ca3f491acb75bd",
        "is_verified": false,
        "line_number": 64,
        "type": "Hex High Entropy String"
      },
      {
        "filename": "docs/evidence/DSH_SUPPLY_CHAIN_STATIC_20260814.json",
        "hashed_secret": "b8ed94b9e7be2b9656e9830fddd8dab3c2aea025",
        "is_verified": false,
        "line_number": 68,
        "type": "Hex High Entropy String"
      }
    ],
    "docs\\OMNIROUTE_ENGINEERING_RUNBOOK.md": [
      {
        "filename": "docs\\OMNIROUTE_ENGINEERING_RUNBOOK.md",
        "hashed_secret": "5577ad7d6cbc4a1c6b605e85110eff3ccfa64274",
        "is_verified": false,
        "line_number": 65,
        "type": "Secret Keyword"
      }
    ],
    "docs\\evidence\\DSH_LINUX_CI_EVIDENCE_20260814.json": [
      {
        "filename": "docs\\evidence\\DSH_LINUX_CI_EVIDENCE_20260814.json",
        "hashed_secret": "f682ab620e6eca457507607ea3720b1b635bdae7",
        "is_verified": false,
        "line_number": 3,
        "type": "Hex High Entropy String"
      },
      {
        "filename": "docs\\evidence\\DSH_LINUX_CI_EVIDENCE_20260814.json",
        "hashed_secret": "6fcab03ceb73df8332faea5252cb77ef2f7c1ba1",
        "is_verified": false,
        "line_number": 5,
        "type": "Hex High Entropy String"
      },
      {
        "filename": "docs\\evidence\\DSH_LINUX_CI_EVIDENCE_20260814.json",
        "hashed_secret": "27c7f2394f42a33d07235b029ebd92fd44f1ee3d",
        "is_verified": false,
        "line_number": 6,
        "type": "Hex High Entropy String"
      },
      {
        "filename": "docs\\evidence\\DSH_LINUX_CI_EVIDENCE_20260814.json",
        "hashed_secret": "713c3c204ccfe89dcdbd42670890f3025e059467",
        "is_verified": false,
        "line_number": 18,
        "type": "Hex High Entropy String"
      }
    ],
    "docs\\evidence\\DSH_SUPPLY_CHAIN_STATIC_20260814.json": [
      {
        "filename": "docs\\evidence\\DSH_SUPPLY_CHAIN_STATIC_20260814.json",
        "hashed_secret": "84f475a6ff61c19eeafcd09f76f7fbfcec95a52b",
        "is_secret": false,
        "is_verified": false,
        "line_number": 33,
        "type": "Hex High Entropy String"
      },
      {
        "filename": "docs\\evidence\\DSH_SUPPLY_CHAIN_STATIC_20260814.json",
        "hashed_secret": "8082c74d1adda3755f859a744a1aeeb4a99b6113",
        "is_secret": false,
        "is_verified": false,
        "line_number": 34,
        "type": "Hex High Entropy String"
      },
      {
        "filename": "docs\\evidence\\DSH_SUPPLY_CHAIN_STATIC_20260814.json",
        "hashed_secret": "9471145e743ff14a98d533942a88c12358975fc1",
        "is_secret": false,
        "is_verified": false,
        "line_number": 35,
        "type": "Hex High Entropy String"
      },
      {
        "filename": "docs\\evidence\\DSH_SUPPLY_CHAIN_STATIC_20260814.json",
        "hashed_secret": "7c3b385d0c8e1562baf0ec4257a29af359229651",
        "is_secret": false,
        "is_verified": false,
        "line_number": 36,
        "type": "Hex High Entropy String"
      },
      {
        "filename": "docs\\evidence\\DSH_SUPPLY_CHAIN_STATIC_20260814.json",
        "hashed_secret": "8ba135cfeef2d89ae94ea8395fa81f1f493865b7",
        "is_secret": false,
        "is_verified": false,
        "line_number": 37,
        "type": "Hex High Entropy String"
      },
      {
        "filename": "docs\\evidence\\DSH_SUPPLY_CHAIN_STATIC_20260814.json",
        "hashed_secret": "0c02f9270e650754e87dd99a536ac8ec9575bfaf",
        "is_secret": false,
        "is_verified": false,
        "line_number": 38,
        "type": "Hex High Entropy String"
      },
      {
        "filename": "docs\\evidence\\DSH_SUPPLY_CHAIN_STATIC_20260814.json",
        "hashed_secret": "72eb9c1f15d34b354f1cf38013c12cc2886ccf58",
        "is_secret": false,
        "is_verified": false,
        "line_number": 39,
        "type": "Hex High Entropy String"
      },
      {
        "filename": "docs\\evidence\\DSH_SUPPLY_CHAIN_STATIC_20260814.json",
        "hashed_secret": "6443b8409ae303794d0565a418db1ba7c41e7295",
        "is_secret": false,
        "is_verified": false,
        "line_number": 40,
        "type": "Hex High Entropy String"
      },
      {
        "filename": "docs\\evidence\\DSH_SUPPLY_CHAIN_STATIC_20260814.json",
        "hashed_secret": "ba23058da6e79adb8311803dc445c8207b819b00",
        "is_secret": false,
        "is_verified": false,
        "line_number": 41,
        "type": "Hex High Entropy String"
      },
      {
        "filename": "docs\\evidence\\DSH_SUPPLY_CHAIN_STATIC_20260814.json",
        "hashed_secret": "eb91c406826f7d34126e44884775ba7fbd040d3e",
        "is_secret": false,
        "is_verified": false,
        "line_number": 42,
        "type": "Hex High Entropy String"
      },
      {
        "filename": "docs\\evidence\\DSH_SUPPLY_CHAIN_STATIC_20260814.json",
        "hashed_secret": "329170899dbe57472c604f1a4c8941478375ff51",
        "is_secret": false,
        "is_verified": false,
        "line_number": 43,
        "type": "Hex High Entropy String"
      },
      {
        "filename": "docs\\evidence\\DSH_SUPPLY_CHAIN_STATIC_20260814.json",
        "hashed_secret": "6272c098b937202e39464ecd59e553902c6ddf7f",
        "is_secret": false,
        "is_verified": false,
        "line_number": 44,
        "type": "Hex High Entropy String"
      },
      {
        "filename": "docs\\evidence\\DSH_SUPPLY_CHAIN_STATIC_20260814.json",
        "hashed_secret": "06d3d6529e6e4a0b30d998d9cd3b2cb0fa1eea0e",
        "is_secret": false,
        "is_verified": false,
        "line_number": 45,
        "type": "Hex High Entropy String"
      },
      {
        "filename": "docs\\evidence\\DSH_SUPPLY_CHAIN_STATIC_20260814.json",
        "hashed_secret": "9ce0373c16a9529f2ac59f97e25257c772d96456",
        "is_secret": false,
        "is_verified": false,
        "line_number": 46,
        "type": "Hex High Entropy String"
      },
      {
        "filename": "docs\\evidence\\DSH_SUPPLY_CHAIN_STATIC_20260814.json",
        "hashed_secret": "584a90986cd51549de20af72a7d854cb85b161d6",
        "is_secret": false,
        "is_verified": false,
        "line_number": 47,
        "type": "Hex High Entropy String"
      },
      {
        "filename": "docs\\evidence\\DSH_SUPPLY_CHAIN_STATIC_20260814.json",
        "hashed_secret": "65ff1692152619701bed9d8ecbf85924db1e1b97",
        "is_secret": false,
        "is_verified": false,
        "line_number": 48,
        "type": "Hex High Entropy String"
      },
      {
        "filename": "docs\\evidence\\DSH_SUPPLY_CHAIN_STATIC_20260814.json",
        "hashed_secret": "98b5666f3ab280a426891de22835e6dd05382c53",
        "is_secret": false,
        "is_verified": false,
        "line_number": 62,
        "type": "Hex High Entropy String"
      },
      {
        "filename": "docs\\evidence\\DSH_SUPPLY_CHAIN_STATIC_20260814.json",
        "hashed_secret": "38c877b3bc6bad6ddb2f0e3370ca3f491acb75bd",
        "is_secret": false,
        "is_verified": false,
        "line_number": 64,
        "type": "Hex High Entropy String"
      },
      {
        "filename": "docs\\evidence\\DSH_SUPPLY_CHAIN_STATIC_20260814.json",
        "hashed_secret": "b8ed94b9e7be2b9656e9830fddd8dab3c2aea025",
        "is_secret": false,
        "is_verified": false,
        "line_number": 68,
        "type": "Hex High Entropy String"
      }
    ],
    "frontend\\design-system\\vendor\\elk.bundled.js": [
      {
        "filename": "frontend\\design-system\\vendor\\elk.bundled.js",
        "hashed_secret": "627f95de526310e9cfa0979aa86a4d166574dca4",
        "is_verified": false,
        "line_number": 6601,
        "type": "Base64 High Entropy String"
      }
    ],
    "frontend\\team_access.html": [
      {
        "filename": "frontend\\team_access.html",
        "hashed_secret": "0214b4b355d11ca8f2ce45a968c264651bdfbf83",
        "is_verified": false,
        "line_number": 105,
        "type": "Secret Keyword"
      }
    ],
    "infrastructure\\DEPLOYMENT.md": [
      {
        "filename": "infrastructure\\DEPLOYMENT.md",
        "hashed_secret": "a6778f1880744bd1a342a8e3789135412d8f9da2",
        "is_verified": false,
        "line_number": 54,
        "type": "Secret Keyword"
      },
      {
        "filename": "infrastructure\\DEPLOYMENT.md",
        "hashed_secret": "ec3810e10fb78db55ce38b9c18d1c3eb1db739e0",
        "is_verified": false,
        "line_number": 55,
        "type": "Secret Keyword"
      }
    ],
    "infrastructure\\TERRAFORM_DEPLOYMENT.md": [
      {
        "filename": "infrastructure\\TERRAFORM_DEPLOYMENT.md",
        "hashed_secret": "a6778f1880744bd1a342a8e3789135412d8f9da2",
        "is_verified": false,
        "line_number": 54,
        "type": "Secret Keyword"
      },
      {
        "filename": "infrastructure\\TERRAFORM_DEPLOYMENT.md",
        "hashed_secret": "ec3810e10fb78db55ce38b9c18d1c3eb1db739e0",
        "is_verified": false,
        "line_number": 55,
        "type": "Secret Keyword"
      }
    ],
    "infrastructure\\terraform\\main.tf": [
      {
        "filename": "infrastructure\\terraform\\main.tf",
        "hashed_secret": "b4473bf9c1889bc539b44dd99fbeec804585f327",
        "is_verified": false,
        "line_number": 32,
        "type": "Base64 High Entropy String"
      }
    ],
    "infrastructure\\terraform\\modules\\secrets\\main.tf": [
      {
        "filename": "infrastructure\\terraform\\modules\\secrets\\main.tf",
        "hashed_secret": "9b1771d3df069b68356819d1619d62faa7e4ed31",
        "is_verified": false,
        "line_number": 27,
        "type": "Secret Keyword"
      },
      {
        "filename": "infrastructure\\terraform\\modules\\secrets\\main.tf",
        "hashed_secret": "3e9cf6fcc18f51594a4136941cd4dab8868055fa",
        "is_verified": false,
        "line_number": 51,
        "type": "Secret Keyword"
      }
    ],
    "scripts\\create_admin_direct.py": [
      {
        "filename": "scripts\\create_admin_direct.py",
        "hashed_secret": "afc848c316af1a89d49826c5ae9d00ed769415f3",
        "is_verified": false,
        "line_number": 26,
        "type": "Basic Auth Credentials"
      },
      {
        "filename": "scripts\\create_admin_direct.py",
        "hashed_secret": "aab8da5e318ca0fc1b3595152e1ffdf7037aeaa7",
        "is_verified": false,
        "line_number": 35,
        "type": "Secret Keyword"
      }
    ],
    "scripts\\deploy_gcp_production.ps1": [
      {
        "filename": "scripts\\deploy_gcp_production.ps1",
        "hashed_secret": "b974d85fd45c9b6a720ccf45f3d37b0871f9d230",
        "is_verified": false,
        "line_number": 272,
        "type": "Secret Keyword"
      },
      {
        "filename": "scripts\\deploy_gcp_production.ps1",
        "hashed_secret": "fdbf9aaa9fab35cc86f48ffab8e654907d64e34a",
        "is_verified": false,
        "line_number": 273,
        "type": "Secret Keyword"
      },
      {
        "filename": "scripts\\deploy_gcp_production.ps1",
        "hashed_secret": "49df73c207f3ab4049870281fb304697de0cb65b",
        "is_verified": false,
        "line_number": 274,
        "type": "Secret Keyword"
      },
      {
        "filename": "scripts\\deploy_gcp_production.ps1",
        "hashed_secret": "017606db9eed57b9163902e7e206c8089bd4b3e1",
        "is_verified": false,
        "line_number": 275,
        "type": "Secret Keyword"
      },
      {
        "filename": "scripts\\deploy_gcp_production.ps1",
        "hashed_secret": "2c1f68150f1919c303a4979e583eb7504095fa99",
        "is_verified": false,
        "line_number": 276,
        "type": "Secret Keyword"
      },
      {
        "filename": "scripts\\deploy_gcp_production.ps1",
        "hashed_secret": "b3a2eac131e62caea4cd892199fa1ff7d2579f31",
        "is_verified": false,
        "line_number": 277,
        "type": "Secret Keyword"
      },
      {
        "filename": "scripts\\deploy_gcp_production.ps1",
        "hashed_secret": "f8a9f3c912016ea28746c02f6338d0fc7e93b073",
        "is_verified": false,
        "line_number": 278,
        "type": "Secret Keyword"
      },
      {
        "filename": "scripts\\deploy_gcp_production.ps1",
        "hashed_secret": "901365fbf9b03c5e23871ced8399ad7522066868",
        "is_verified": false,
        "line_number": 279,
        "type": "Secret Keyword"
      },
      {
        "filename": "scripts\\deploy_gcp_production.ps1",
        "hashed_secret": "daaf1d49f93f7538a1cb62a4332a0ec7c8f255a4",
        "is_verified": false,
        "line_number": 280,
        "type": "Secret Keyword"
      },
      {
        "filename": "scripts\\deploy_gcp_production.ps1",
        "hashed_secret": "7c06d0d8deca1740f59bf2c92751d4bcf90379fe",
        "is_verified": false,
        "line_number": 281,
        "type": "Secret Keyword"
      }
    ],
    "scripts\\deploy_gcp_production.sh": [
      {
        "filename": "scripts\\deploy_gcp_production.sh",
        "hashed_secret": "b974d85fd45c9b6a720ccf45f3d37b0871f9d230",
        "is_verified": false,
        "line_number": 299,
        "type": "Secret Keyword"
      },
      {
        "filename": "scripts\\deploy_gcp_production.sh",
        "hashed_secret": "fdbf9aaa9fab35cc86f48ffab8e654907d64e34a",
        "is_verified": false,
        "line_number": 300,
        "type": "Secret Keyword"
      },
      {
        "filename": "scripts\\deploy_gcp_production.sh",
        "hashed_secret": "49df73c207f3ab4049870281fb304697de0cb65b",
        "is_verified": false,
        "line_number": 301,
        "type": "Secret Keyword"
      },
      {
        "filename": "scripts\\deploy_gcp_production.sh",
        "hashed_secret": "017606db9eed57b9163902e7e206c8089bd4b3e1",
        "is_verified": false,
        "line_number": 302,
        "type": "Secret Keyword"
      },
      {
        "filename": "scripts\\deploy_gcp_production.sh",
        "hashed_secret": "2c1f68150f1919c303a4979e583eb7504095fa99",
        "is_verified": false,
        "line_number": 303,
        "type": "Secret Keyword"
      },
      {
        "filename": "scripts\\deploy_gcp_production.sh",
        "hashed_secret": "b3a2eac131e62caea4cd892199fa1ff7d2579f31",
        "is_verified": false,
        "line_number": 304,
        "type": "Secret Keyword"
      },
      {
        "filename": "scripts\\deploy_gcp_production.sh",
        "hashed_secret": "f8a9f3c912016ea28746c02f6338d0fc7e93b073",
        "is_verified": false,
        "line_number": 305,
        "type": "Secret Keyword"
      },
      {
        "filename": "scripts\\deploy_gcp_production.sh",
        "hashed_secret": "901365fbf9b03c5e23871ced8399ad7522066868",
        "is_verified": false,
        "line_number": 306,
        "type": "Secret Keyword"
      },
      {
        "filename": "scripts\\deploy_gcp_production.sh",
        "hashed_secret": "daaf1d49f93f7538a1cb62a4332a0ec7c8f255a4",
        "is_verified": false,
        "line_number": 307,
        "type": "Secret Keyword"
      },
      {
        "filename": "scripts\\deploy_gcp_production.sh",
        "hashed_secret": "7c06d0d8deca1740f59bf2c92751d4bcf90379fe",
        "is_verified": false,
        "line_number": 308,
        "type": "Secret Keyword"
      }
    ],
    "scripts\\migrate_sqlite_to_postgres.py": [
      {
        "filename": "scripts\\migrate_sqlite_to_postgres.py",
        "hashed_secret": "bd564db5d5cc358eb0e3523d3e03041739f230d5",
        "is_verified": false,
        "line_number": 25,
        "type": "Basic Auth Credentials"
      },
      {
        "filename": "scripts\\migrate_sqlite_to_postgres.py",
        "hashed_secret": "af41cdacb0352cc892cbfa57af58bf267d8011e4",
        "is_verified": false,
        "line_number": 186,
        "type": "Basic Auth Credentials"
      }
    ],
    "scripts\\qdrant_dedupe_cleanup_2026-07-15.py": [
      {
        "filename": "scripts\\qdrant_dedupe_cleanup_2026-07-15.py",
        "hashed_secret": "cb8a2795b9a251bfa79c6975090b4d8033123a46",
        "is_verified": false,
        "line_number": 30,
        "type": "Hex High Entropy String"
      },
      {
        "filename": "scripts\\qdrant_dedupe_cleanup_2026-07-15.py",
        "hashed_secret": "6ddca9c5f55c9af42af6fb95b75ee55656d75b55",
        "is_verified": false,
        "line_number": 35,
        "type": "Hex High Entropy String"
      },
      {
        "filename": "scripts\\qdrant_dedupe_cleanup_2026-07-15.py",
        "hashed_secret": "85aaf119f1fe957f4de29d5e9ebc9d8f462d99c5",
        "is_verified": false,
        "line_number": 40,
        "type": "Hex High Entropy String"
      },
      {
        "filename": "scripts\\qdrant_dedupe_cleanup_2026-07-15.py",
        "hashed_secret": "e01b2d104f891ca0f374ce087a9b2bfa94ea7a84",
        "is_verified": false,
        "line_number": 45,
        "type": "Hex High Entropy String"
      },
      {
        "filename": "scripts\\qdrant_dedupe_cleanup_2026-07-15.py",
        "hashed_secret": "263f47db57918c1ba05df9b050394cef9e5d9283",
        "is_verified": false,
        "line_number": 50,
        "type": "Hex High Entropy String"
      },
      {
        "filename": "scripts\\qdrant_dedupe_cleanup_2026-07-15.py",
        "hashed_secret": "1c58fcf5ad9f231cbad1ddd9d24fca5b0a56e4b7",
        "is_verified": false,
        "line_number": 55,
        "type": "Hex High Entropy String"
      },
      {
        "filename": "scripts\\qdrant_dedupe_cleanup_2026-07-15.py",
        "hashed_secret": "cc8fa4d1709998afe3d86bae9a05fe4d1e9beccd",
        "is_verified": false,
        "line_number": 60,
        "type": "Hex High Entropy String"
      }
    ],
    "scripts\\unity_loop_gate.bat": [
      {
        "filename": "scripts\\unity_loop_gate.bat",
        "hashed_secret": "b08115ecd9c39fb0c57bd6a5e5562006224b2ef3",
        "is_verified": false,
        "line_number": 74,
        "type": "Base64 High Entropy String"
      }
    ],
    "tests\\load\\test_load.py": [
      {
        "filename": "tests\\load\\test_load.py",
        "hashed_secret": "a4b48a81cdab1e1a5dd37907d6c85ca1c61ddc7c",
        "is_verified": false,
        "line_number": 127,
        "type": "Secret Keyword"
      }
    ],
    "tests\\security\\test_rbac.py": [
      {
        "filename": "tests\\security\\test_rbac.py",
        "hashed_secret": "781b8726c6855b4f66c7a8ba675ce57a9a4684b1",
        "is_verified": false,
        "line_number": 208,
        "type": "JSON Web Token"
      },
      {
        "filename": "tests\\security\\test_rbac.py",
        "hashed_secret": "068534b8e9f76769738cb5eed9d790421af0d5b4",
        "is_verified": false,
        "line_number": 274,
        "type": "JSON Web Token"
      }
    ],
    "tests\\test_agent_stack.py": [
      {
        "filename": "tests\\test_agent_stack.py",
        "hashed_secret": "196b3d86fcd795405b7f9bd100c6b52739adecb4",
        "is_verified": false,
        "line_number": 135,
        "type": "Secret Keyword"
      }
    ],
    "tests\\test_auth_ratelimit.py": [
      {
        "filename": "tests\\test_auth_ratelimit.py",
        "hashed_secret": "4ab86c4310f3d16bb35c755c8bf6310eefbff334",
        "is_verified": false,
        "line_number": 23,
        "type": "Secret Keyword"
      }
    ],
    "tests\\test_booking_per_client.py": [
      {
        "filename": "tests\\test_booking_per_client.py",
        "hashed_secret": "31d240a4c7db15d29005525e0c02e78ad92af2ef",
        "is_verified": false,
        "line_number": 150,
        "type": "Hex High Entropy String"
      }
    ],
    "tests\\test_campaign_optimizer.py": [
      {
        "filename": "tests\\test_campaign_optimizer.py",
        "hashed_secret": "70b082db2f79183b55764543356aa1ec0411e4ba",
        "is_verified": false,
        "line_number": 86,
        "type": "Hex High Entropy String"
      }
    ],
    "tests\\test_competitor_parity.py": [
      {
        "filename": "tests\\test_competitor_parity.py",
        "hashed_secret": "b57fa0798cf182195d00866158f0f022ad324741",
        "is_verified": false,
        "line_number": 13,
        "type": "Secret Keyword"
      }
    ],
    "tests\\test_council_ship_now.py": [
      {
        "filename": "tests\\test_council_ship_now.py",
        "hashed_secret": "31317ff4dee8e8bdf7fe392d1fcbdd853502c00c",
        "is_verified": false,
        "line_number": 15,
        "type": "Secret Keyword"
      },
      {
        "filename": "tests\\test_council_ship_now.py",
        "hashed_secret": "5cdb09a57e9d108fc2f7a3c63bcf78913ecdecb5",
        "is_verified": false,
        "line_number": 34,
        "type": "Secret Keyword"
      }
    ],
    "tests\\test_customer_2fa_failclosed.py": [
      {
        "filename": "tests\\test_customer_2fa_failclosed.py",
        "hashed_secret": "f2b14f68eb995facb3a1c35287b778d5bd785511",
        "is_verified": false,
        "line_number": 25,
        "type": "Secret Keyword"
      }
    ],
    "tests\\test_customer_delivery_2026_07_05.py": [
      {
        "filename": "tests\\test_customer_delivery_2026_07_05.py",
        "hashed_secret": "31d240a4c7db15d29005525e0c02e78ad92af2ef",
        "is_verified": false,
        "line_number": 32,
        "type": "Hex High Entropy String"
      },
      {
        "filename": "tests\\test_customer_delivery_2026_07_05.py",
        "hashed_secret": "02d5d1b76beb16a2664d809949597d9456e297c7",
        "is_verified": false,
        "line_number": 33,
        "type": "Hex High Entropy String"
      }
    ],
    "tests\\test_customer_logout.py": [
      {
        "filename": "tests\\test_customer_logout.py",
        "hashed_secret": "49efef5f70d47adc2db2eb397fbef5f7bc560e29",
        "is_verified": false,
        "line_number": 15,
        "type": "Secret Keyword"
      }
    ],
    "tests\\test_customer_onboard.py": [
      {
        "filename": "tests\\test_customer_onboard.py",
        "hashed_secret": "3f679094cae18952c37c91ab91efd5bcb54e97c6",
        "is_verified": false,
        "line_number": 133,
        "type": "Secret Keyword"
      }
    ],
    "tests\\test_dev_control_context_budget.py": [
      {
        "filename": "tests\\test_dev_control_context_budget.py",
        "hashed_secret": "abac545fc3bf803134bc8f78fb6160a5c6a87b26",
        "is_verified": false,
        "line_number": 91,
        "type": "AWS Access Key"
      },
      {
        "filename": "tests\\test_dev_control_context_budget.py",
        "hashed_secret": "c381e5e226df232bc544686c6a241be07c55aefd",
        "is_verified": false,
        "line_number": 91,
        "type": "JSON Web Token"
      }
    ],
    "tests\\test_dsh_workforce_runtime.py": [
      {
        "filename": "tests\\test_dsh_workforce_runtime.py",
        "hashed_secret": "38e88298a56f5985f22e40db030694024c4e109e",
        "is_verified": false,
        "line_number": 348,
        "type": "Base64 High Entropy String"
      }
    ],
    "tests\\test_google_places_quota_circuit.py": [
      {
        "filename": "tests\\test_google_places_quota_circuit.py",
        "hashed_secret": "3acfb2c2b433c0ea7ff107e33df91b18e52f960f",
        "is_verified": false,
        "line_number": 12,
        "type": "Secret Keyword"
      }
    ],
    "tests\\test_image_provenance_guard.py": [
      {
        "filename": "tests\\test_image_provenance_guard.py",
        "hashed_secret": "c14afdf03449702cd1e0f279823e7cafaf535566",
        "is_verified": false,
        "line_number": 36,
        "type": "Hex High Entropy String"
      }
    ],
    "tests\\test_log_redaction.py": [
      {
        "filename": "tests\\test_log_redaction.py",
        "hashed_secret": "7cad33cdfef41b6a4e12bbd65fea1a414e71ef09",
        "is_verified": false,
        "line_number": 45,
        "type": "Base64 High Entropy String"
      },
      {
        "filename": "tests\\test_log_redaction.py",
        "hashed_secret": "81c77f1e19bcd062ae3945cecd4021572518862b",
        "is_verified": false,
        "line_number": 56,
        "type": "Secret Keyword"
      },
      {
        "filename": "tests\\test_log_redaction.py",
        "hashed_secret": "c2fdf76d11338e5bc48bceefdbaff298898f5401",
        "is_verified": false,
        "line_number": 62,
        "type": "JSON Web Token"
      },
      {
        "filename": "tests\\test_log_redaction.py",
        "hashed_secret": "6ce4b40af58f9bbe1f35eca7260f13375d7792db",
        "is_verified": false,
        "line_number": 118,
        "type": "Secret Keyword"
      }
    ],
    "tests\\test_parity_contentplus.py": [
      {
        "filename": "tests\\test_parity_contentplus.py",
        "hashed_secret": "b78f576611ec06f96af3ca654c22172a5d746c40",
        "is_verified": false,
        "line_number": 98,
        "type": "Secret Keyword"
      },
      {
        "filename": "tests\\test_parity_contentplus.py",
        "hashed_secret": "c5fd961c9f737a955a308050062e7a2c34ee67c3",
        "is_verified": false,
        "line_number": 99,
        "type": "Secret Keyword"
      },
      {
        "filename": "tests\\test_parity_contentplus.py",
        "hashed_secret": "1a91d62f7ca67399625a4368a6ab5d4a3baa6073",
        "is_verified": false,
        "line_number": 123,
        "type": "Secret Keyword"
      },
      {
        "filename": "tests\\test_parity_contentplus.py",
        "hashed_secret": "ddac9d88c224b59388ab6552b5531130c71e0264",
        "is_verified": false,
        "line_number": 222,
        "type": "Hex High Entropy String"
      }
    ],
    "tests\\test_project_context_sync.py": [
      {
        "filename": "tests\\test_project_context_sync.py",
        "hashed_secret": "25910f981e85ca04baf359199dd0bd4a3ae738b6",
        "is_verified": false,
        "line_number": 56,
        "type": "AWS Access Key"
      },
      {
        "filename": "tests\\test_project_context_sync.py",
        "hashed_secret": "7ec9ae6058c5fa8c2ec30197acd23db02c3b16cc",
        "is_verified": false,
        "line_number": 57,
        "type": "Base64 High Entropy String"
      },
      {
        "filename": "tests\\test_project_context_sync.py",
        "hashed_secret": "8e812572b735c8a9ada2b6216b31b1bc805c3a02",
        "is_verified": false,
        "line_number": 58,
        "type": "Base64 High Entropy String"
      },
      {
        "filename": "tests\\test_project_context_sync.py",
        "hashed_secret": "e175c6f5f2a92e8623bd9a4820edb4e8c1b0fd10",
        "is_verified": false,
        "line_number": 58,
        "type": "GitHub Token"
      },
      {
        "filename": "tests\\test_project_context_sync.py",
        "hashed_secret": "a3c3842993157cffbd32b21025bb595eb36ffe3e",
        "is_verified": false,
        "line_number": 59,
        "type": "Base64 High Entropy String"
      }
    ],
    "tests\\test_register_login_race_safety.py": [
      {
        "filename": "tests\\test_register_login_race_safety.py",
        "hashed_secret": "f2b14f68eb995facb3a1c35287b778d5bd785511",
        "is_verified": false,
        "line_number": 114,
        "type": "Secret Keyword"
      }
    ],
    "tests\\test_safe_ai_payload.py": [
      {
        "filename": "tests\\test_safe_ai_payload.py",
        "hashed_secret": "e175c6f5f2a92e8623bd9a4820edb4e8c1b0fd10",
        "is_verified": false,
        "line_number": 36,
        "type": "GitHub Token"
      },
      {
        "filename": "tests\\test_safe_ai_payload.py",
        "hashed_secret": "ebf4d035080ea1cca50cbe6f0305304a49b98752",
        "is_verified": false,
        "line_number": 151,
        "type": "Base64 High Entropy String"
      },
      {
        "filename": "tests\\test_safe_ai_payload.py",
        "hashed_secret": "ebf4d035080ea1cca50cbe6f0305304a49b98752",
        "is_verified": false,
        "line_number": 151,
        "type": "Secret Keyword"
      }
    ],
    "tests\\test_signup_auto_login_signal.py": [
      {
        "filename": "tests\\test_signup_auto_login_signal.py",
        "hashed_secret": "f2b14f68eb995facb3a1c35287b778d5bd785511",
        "is_verified": false,
        "line_number": 60,
        "type": "Secret Keyword"
      }
    ],
    "tests\\test_signup_rate_limit_ux.py": [
      {
        "filename": "tests\\test_signup_rate_limit_ux.py",
        "hashed_secret": "f2b14f68eb995facb3a1c35287b778d5bd785511",
        "is_verified": false,
        "line_number": 27,
        "type": "Secret Keyword"
      }
    ],
    "tests\\test_social_webhook_signatures.py": [
      {
        "filename": "tests\\test_social_webhook_signatures.py",
        "hashed_secret": "5638022af14d14717e7ec41a73f710f088c0a6ec",
        "is_verified": false,
        "line_number": 27,
        "type": "Secret Keyword"
      },
      {
        "filename": "tests\\test_social_webhook_signatures.py",
        "hashed_secret": "85a646f4250f8fbe18ac2627b2901ea3ed7a7738",
        "is_verified": false,
        "line_number": 69,
        "type": "Secret Keyword"
      },
      {
        "filename": "tests\\test_social_webhook_signatures.py",
        "hashed_secret": "e5e9fa1ba31ecd1ae84f75caaa474f3a663f05f4",
        "is_verified": false,
        "line_number": 77,
        "type": "Secret Keyword"
      }
    ],
    "tests\\test_turnstile.py": [
      {
        "filename": "tests\\test_turnstile.py",
        "hashed_secret": "3ffd2a0a9585ddc13b9f524ec9c21915546e9de8",
        "is_verified": false,
        "line_number": 145,
        "type": "Secret Keyword"
      }
    ],
    "tests\\test_vobiz_stream_token.py": [
      {
        "filename": "tests\\test_vobiz_stream_token.py",
        "hashed_secret": "a8e6ea9e77cd178ecc184aa2d3df5513ee7645c2",
        "is_verified": false,
        "line_number": 15,
        "type": "Secret Keyword"
      }
    ],
    "tests\\test_webhook_rotate_retry.py": [
      {
        "filename": "tests\\test_webhook_rotate_retry.py",
        "hashed_secret": "9a96da06a7d5819c1ba73b62593e15dbb0ac785e",
        "is_verified": false,
        "line_number": 183,
        "type": "Secret Keyword"
      }
    ],
    "unity\\LeadGenVirtualOffice\\Assets\\Editor.meta": [
      {
        "filename": "unity\\LeadGenVirtualOffice\\Assets\\Editor.meta",
        "hashed_secret": "2d542c426f725601b573918c875504e99f788d4d",
        "is_verified": false,
        "line_number": 2,
        "type": "Hex High Entropy String"
      }
    ],
    "unity\\LeadGenVirtualOffice\\Assets\\Editor\\GenerateOfficeScenes.cs.meta": [
      {
        "filename": "unity\\LeadGenVirtualOffice\\Assets\\Editor\\GenerateOfficeScenes.cs.meta",
        "hashed_secret": "7e5e12c345161eb5ccb1a8d28a592bbc78a2a072",
        "is_verified": false,
        "line_number": 2,
        "type": "Hex High Entropy String"
      }
    ],
    "unity\\LeadGenVirtualOffice\\Assets\\Editor\\LeadGen.Office.Editor.asmdef.meta": [
      {
        "filename": "unity\\LeadGenVirtualOffice\\Assets\\Editor\\LeadGen.Office.Editor.asmdef.meta",
        "hashed_secret": "bdcdd943152c3d570f6070853b91f0540563c001",
        "is_verified": false,
        "line_number": 2,
        "type": "Hex High Entropy String"
      }
    ],
    "unity\\LeadGenVirtualOffice\\Assets\\Editor\\WebGLBuild.cs.meta": [
      {
        "filename": "unity\\LeadGenVirtualOffice\\Assets\\Editor\\WebGLBuild.cs.meta",
        "hashed_secret": "e88ef989f1f12a3a5460c199422444d1e74781cc",
        "is_verified": false,
        "line_number": 2,
        "type": "Hex High Entropy String"
      }
    ],
    "unity\\LeadGenVirtualOffice\\Assets\\Plugins.meta": [
      {
        "filename": "unity\\LeadGenVirtualOffice\\Assets\\Plugins.meta",
        "hashed_secret": "e9a50c38024e0b910568387d8f552d97584e603a",
        "is_verified": false,
        "line_number": 2,
        "type": "Hex High Entropy String"
      }
    ],
    "unity\\LeadGenVirtualOffice\\Assets\\Plugins\\WebGL.meta": [
      {
        "filename": "unity\\LeadGenVirtualOffice\\Assets\\Plugins\\WebGL.meta",
        "hashed_secret": "956c717592388062cbe5ede13607f7941eb5bea3",
        "is_verified": false,
        "line_number": 2,
        "type": "Hex High Entropy String"
      }
    ],
    "unity\\LeadGenVirtualOffice\\Assets\\Plugins\\WebGL\\HostBridge.jslib.meta": [
      {
        "filename": "unity\\LeadGenVirtualOffice\\Assets\\Plugins\\WebGL\\HostBridge.jslib.meta",
        "hashed_secret": "5e18a822948b1d675640c7d5479c92029ef33ee8",
        "is_verified": false,
        "line_number": 2,
        "type": "Hex High Entropy String"
      }
    ],
    "unity\\LeadGenVirtualOffice\\Assets\\Resources.meta": [
      {
        "filename": "unity\\LeadGenVirtualOffice\\Assets\\Resources.meta",
        "hashed_secret": "d864001eaa415166336c17060300803d13cbe69b",
        "is_verified": false,
        "line_number": 2,
        "type": "Hex High Entropy String"
      }
    ],
    "unity\\LeadGenVirtualOffice\\Assets\\Scenes.meta": [
      {
        "filename": "unity\\LeadGenVirtualOffice\\Assets\\Scenes.meta",
        "hashed_secret": "9a77c04cfe8c5d836abbf9f8d6375f00e0a216bb",
        "is_verified": false,
        "line_number": 2,
        "type": "Hex High Entropy String"
      }
    ],
    "unity\\LeadGenVirtualOffice\\Assets\\Scenes\\AdminBlueprintOffice.unity.meta": [
      {
        "filename": "unity\\LeadGenVirtualOffice\\Assets\\Scenes\\AdminBlueprintOffice.unity.meta",
        "hashed_secret": "42d5a2e168de787d06e4d435e931d62db58296e4",
        "is_verified": false,
        "line_number": 2,
        "type": "Hex High Entropy String"
      }
    ],
    "unity\\LeadGenVirtualOffice\\Assets\\Scenes\\Bootstrap.unity.meta": [
      {
        "filename": "unity\\LeadGenVirtualOffice\\Assets\\Scenes\\Bootstrap.unity.meta",
        "hashed_secret": "bb88b1433887d873c82c954e118ad8494a529b25",
        "is_verified": false,
        "line_number": 2,
        "type": "Hex High Entropy String"
      }
    ],
    "unity\\LeadGenVirtualOffice\\Assets\\Scenes\\CustomerBlueprintOffice.unity.meta": [
      {
        "filename": "unity\\LeadGenVirtualOffice\\Assets\\Scenes\\CustomerBlueprintOffice.unity.meta",
        "hashed_secret": "2714746f6a912da003fc5840299771dc1716dc29",
        "is_verified": false,
        "line_number": 2,
        "type": "Hex High Entropy String"
      }
    ],
    "unity\\LeadGenVirtualOffice\\Assets\\Scripts.meta": [
      {
        "filename": "unity\\LeadGenVirtualOffice\\Assets\\Scripts.meta",
        "hashed_secret": "532b817b5437fbd0ed923fd9b18bd6bc027070dd",
        "is_verified": false,
        "line_number": 2,
        "type": "Hex High Entropy String"
      }
    ],
    "unity\\LeadGenVirtualOffice\\Assets\\Scripts\\CameraController.cs.meta": [
      {
        "filename": "unity\\LeadGenVirtualOffice\\Assets\\Scripts\\CameraController.cs.meta",
        "hashed_secret": "fcebae369a4cd66521e1221392f2849078179283",
        "is_verified": false,
        "line_number": 2,
        "type": "Hex High Entropy String"
      }
    ],
    "unity\\LeadGenVirtualOffice\\Assets\\Scripts\\CustomerDirector.cs.meta": [
      {
        "filename": "unity\\LeadGenVirtualOffice\\Assets\\Scripts\\CustomerDirector.cs.meta",
        "hashed_secret": "9c1fc333696f02ee4cd54813158fab6420d6fb2c",
        "is_verified": false,
        "line_number": 2,
        "type": "Hex High Entropy String"
      }
    ],
    "unity\\LeadGenVirtualOffice\\Assets\\Scripts\\HostBridge.cs.meta": [
      {
        "filename": "unity\\LeadGenVirtualOffice\\Assets\\Scripts\\HostBridge.cs.meta",
        "hashed_secret": "132bcf1cee514722c9e3681621492a40a993ff1b",
        "is_verified": false,
        "line_number": 2,
        "type": "Hex High Entropy String"
      }
    ],
    "unity\\LeadGenVirtualOffice\\Assets\\Scripts\\LeadGen.Office.asmdef.meta": [
      {
        "filename": "unity\\LeadGenVirtualOffice\\Assets\\Scripts\\LeadGen.Office.asmdef.meta",
        "hashed_secret": "d2319ac48b0e61c51a3c0b6fd2ddffe674e44f1b",
        "is_verified": false,
        "line_number": 2,
        "type": "Hex High Entropy String"
      }
    ],
    "unity\\LeadGenVirtualOffice\\Assets\\Scripts\\OfficeDirector.cs.meta": [
      {
        "filename": "unity\\LeadGenVirtualOffice\\Assets\\Scripts\\OfficeDirector.cs.meta",
        "hashed_secret": "6b08cd1c89e59ff995bbd73f8763d94948859179",
        "is_verified": false,
        "line_number": 2,
        "type": "Hex High Entropy String"
      }
    ],
    "unity\\LeadGenVirtualOffice\\Assets\\Scripts\\OfficeState.cs.meta": [
      {
        "filename": "unity\\LeadGenVirtualOffice\\Assets\\Scripts\\OfficeState.cs.meta",
        "hashed_secret": "794e2e294e463f36efd6a60427dca08e3418a10a",
        "is_verified": false,
        "line_number": 2,
        "type": "Hex High Entropy String"
      }
    ],
    "unity\\LeadGenVirtualOffice\\Assets\\Scripts\\OverlayUI.cs.meta": [
      {
        "filename": "unity\\LeadGenVirtualOffice\\Assets\\Scripts\\OverlayUI.cs.meta",
        "hashed_secret": "1fc89c02b0379a50984980683ed6dfb8eddaa6ce",
        "is_verified": false,
        "line_number": 2,
        "type": "Hex High Entropy String"
      }
    ],
    "unity\\LeadGenVirtualOffice\\Assets\\Scripts\\RoomLayout.cs.meta": [
      {
        "filename": "unity\\LeadGenVirtualOffice\\Assets\\Scripts\\RoomLayout.cs.meta",
        "hashed_secret": "c908110fa7272672db7f5879cc883f761fc08391",
        "is_verified": false,
        "line_number": 2,
        "type": "Hex High Entropy String"
      }
    ],
    "unity\\LeadGenVirtualOffice\\Assets\\Scripts\\SceneRouter.cs.meta": [
      {
        "filename": "unity\\LeadGenVirtualOffice\\Assets\\Scripts\\SceneRouter.cs.meta",
        "hashed_secret": "cc95d29b4dbad087d2b4569c1d962d03979e2de1",
        "is_verified": false,
        "line_number": 2,
        "type": "Hex High Entropy String"
      }
    ],
    "unity\\LeadGenVirtualOffice\\Assets\\Scripts\\StatusPalette.cs.meta": [
      {
        "filename": "unity\\LeadGenVirtualOffice\\Assets\\Scripts\\StatusPalette.cs.meta",
        "hashed_secret": "3c560b35284ec11ac8ae40c0ed3fd03f73e7fd81",
        "is_verified": false,
        "line_number": 2,
        "type": "Hex High Entropy String"
      }
    ],
    "unity\\LeadGenVirtualOffice\\Assets\\Tests.meta": [
      {
        "filename": "unity\\LeadGenVirtualOffice\\Assets\\Tests.meta",
        "hashed_secret": "7b0db28e16056f65009c3617299ab14c046d8e3d",
        "is_verified": false,
        "line_number": 2,
        "type": "Hex High Entropy String"
      }
    ],
    "unity\\LeadGenVirtualOffice\\Assets\\Tests\\EditMode.meta": [
      {
        "filename": "unity\\LeadGenVirtualOffice\\Assets\\Tests\\EditMode.meta",
        "hashed_secret": "462d4cad8db3a968f6dd434c3fca6e6d432b24c0",
        "is_verified": false,
        "line_number": 2,
        "type": "Hex High Entropy String"
      }
    ],
    "unity\\LeadGenVirtualOffice\\Assets\\Tests\\EditMode\\LeadGen.Office.Tests.asmdef.meta": [
      {
        "filename": "unity\\LeadGenVirtualOffice\\Assets\\Tests\\EditMode\\LeadGen.Office.Tests.asmdef.meta",
        "hashed_secret": "3c8b2c71d3945b0492fc2255880b97271f4abd48",
        "is_verified": false,
        "line_number": 2,
        "type": "Hex High Entropy String"
      }
    ],
    "unity\\LeadGenVirtualOffice\\Assets\\Tests\\EditMode\\OfficeLogicTests.cs.meta": [
      {
        "filename": "unity\\LeadGenVirtualOffice\\Assets\\Tests\\EditMode\\OfficeLogicTests.cs.meta",
        "hashed_secret": "d87ea1825bad82f98c77881fc9f2886851c09c8d",
        "is_verified": false,
        "line_number": 2,
        "type": "Hex High Entropy String"
      }
    ]
  },
  "version": "1.4.0"
}
